> Task :app:preBuild UP-TO-DATE
> Task :app:preDebugBuild UP-TO-DATE
> Task :app:mergeDebugNativeDebugMetadata NO-SOURCE
> Task :app:checkKotlinGradlePluginConfigurationErrors SKIPPED
> Task :app:generateDebugBuildConfig UP-TO-DATE
> Task :app:checkDebugAarMetadata UP-TO-DATE
> Task :app:generateDebugResValues UP-TO-DATE
> Task :app:mapDebugSourceSetPaths UP-TO-DATE
> Task :app:generateDebugResources UP-TO-DATE
> Task :app:mergeDebugResources UP-TO-DATE
> Task :app:packageDebugResources UP-TO-DATE
> Task :app:parseDebugLocalResources UP-TO-DATE
> Task :app:createDebugCompatibleScreenManifests UP-TO-DATE
> Task :app:extractDeepLinksDebug UP-TO-DATE
> Task :app:processDebugMainManifest UP-TO-DATE
> Task :app:processDebugManifest UP-TO-DATE
> Task :app:processDebugManifestForPackage UP-TO-DATE
> Task :app:processDebugResources UP-TO-DATE
> Task :app:kaptGenerateStubsDebugKotlin UP-TO-DATE
> Task :app:kaptDebugKotlin UP-TO-DATE
> Task :app:javaPreCompileDebug UP-TO-DATE
> Task :app:mergeDebugShaders UP-TO-DATE
> Task :app:compileDebugShaders NO-SOURCE
> Task :app:generateDebugAssets UP-TO-DATE
> Task :app:mergeDebugAssets UP-TO-DATE
> Task :app:compressDebugAssets UP-TO-DATE
> Task :app:checkDebugDuplicateClasses UP-TO-DATE
> Task :app:desugarDebugFileDependencies UP-TO-DATE
> Task :app:mergeExtDexDebug UP-TO-DATE
> Task :app:mergeLibDexDebug UP-TO-DATE
> Task :app:mergeDebugJniLibFolders UP-TO-DATE
> Task :app:mergeDebugNativeLibs UP-TO-DATE
> Task :app:stripDebugDebugSymbols UP-TO-DATE
> Task :app:validateSigningDebug UP-TO-DATE
> Task :app:writeDebugAppMetadata UP-TO-DATE
> Task :app:writeDebugSigningConfigVersions UP-TO-DATE

> Task :app:compileDebugKotlin FAILED
.\gradlew : e: file:///C:/Users/xps8930/A
ndroidStudioProjects/Testapp/app/src/main
/java/com/example/testapp/presentation/sc
reen/ResultScreen.kt:230:121 Unresolved r
eference 'currentTotal'.
所在位置 行:1 字符: 1
+ .\gradlew assembleDebug > build_output.
txt 2>&1; Get-Content build_ou ...
+ ~~~~~~~~~~~~~~~~~~~~~~~~~~~~~~~~~~~~~~~
~~~~~~~~
    + CategoryInfo          : NotSpecifi 
   ed: (e: file:///C:/U...'currentTotal  
  '.:String) [], RemoteException
    + FullyQualifiedErrorId : NativeComm 
   andError
 
e: file:///C:/Users/xps8930/AndroidStudio
Projects/Testapp/app/src/main/java/com/ex
ample/testapp/presentation/screen/ResultS
creen.kt:238:110 Unresolved reference 'cu
rrentTotal'.
e: file:///C:/Users/xps8930/AndroidStudio
Projects/Testapp/app/src/main/java/com/ex
ample/testapp/presentation/screen/ResultS
creen.kt:242:23 Unresolved reference 'cur
rentTotal'.
e: file:///C:/Users/xps8930/AndroidStudio
Projects/Testapp/app/src/main/java/com/ex
ample/testapp/presentation/screen/ResultS
creen.kt:243:69 Unresolved reference 'cur
rentTotal'.

[Incubating] Problems report is available at: file:///C:/Users/xps8930/AndroidStudioProjects/Testapp/build/reports/problems/problems-report.html

FAILURE: Build failed with an exception.

* What went wrong:
Execution failed for task ':app:compileDe
bugKotlin'.
> A failure occurred while executing org.
jetbrains.kotlin.compilerRunner.GradleCom
pilerRunnerWithWorkers$GradleKotlinCompil
erWorkAction
   > Compilation error. See log for more 
details

* Try:
> Run with --stacktrace option to get the
 stack trace.
> Run with --info or --debug option to ge
t more log output.
> Run with --scan to get full insights.
> Get more help at https://help.gradle.or
g.

Deprecated Gradle features were used in this build, making it incompatible with Gradle 9.0.

You can use '--warning-mode all' to show the individual deprecation warnings and determine if they come from your own scripts or plugins.

For more on this, please refer to https://docs.gradle.org/8.13/userguide/command_line_interface.html#sec:command_line_warnings in the Gradle documentation.

BUILD FAILED in 5s
31 actionable tasks: 1 executed, 30 up-to-date
